#include "test.h"



#include <stdio.h>
#include <stdlib.h>



// bar1(
//     a : i8 @DRAM
// )
void bar1( void *ctxt, const int8_t* a ) {
int8_t b;
b += ((int8_t) 1);
}

// bar2(
//     a : i8 @DRAM
// )
void bar2( void *ctxt, const int8_t* a ) {
int8_t b;
b = ((int8_t) 0);
}

