#include "test.h"



#include <stdio.h>
#include <stdlib.h>



// bar(
//     a : i32 @DRAM
// )
void bar( void *ctxt, int32_t* a ) {
*a += ((int32_t) 1);
*a += ((int32_t) 2);
*a += ((int32_t) 3);
*a += ((int32_t) 4);
*a += ((int32_t) 5);
*a += ((int32_t) 6);
*a += ((int32_t) 7);
*a += ((int32_t) 8);
*a += ((int32_t) 9);
*a += ((int32_t) 10);
}

