def foo(x: i8 @ DRAM):
    for i in seq(0, 8):
        if i + 3 < -1:
            x = 0.0
            pass
    for i in seq(0, 2):  # <-- NODE
        x = 1.0

def foo(x: i8 @ DRAM):
    for i in seq(0, 8):  # <-- NODE
        if i + 3 < -1:
            x = 0.0
            pass
    for i in seq(0, 2):
        x = 1.0