def foo(x: i8 @ DRAM):
    for i in seq(0, 8):  # <-- NODE
        ...
    ...

def foo(x: i8 @ DRAM):
    ...
    for j in seq(0, 2):  # <-- NODE
        ...