def foo(x : R[3], y : R[3], z : R):
  ----------------------- {z : z}
  z = x[0] * y[2]
  ----------------------- {z : ‚ä•}
  for i in seq(0, 3):
    --------------------- {z : 3.0, i : i}
    z = 3.0
    --------------------- {z : 3.0, i : i}
  ----------------------- {z : 3.0}
  z = 2.0
  ----------------------- {z : 2.0}