def foo(x : R, y : R, z : R):
  ----------------------- {}
  z_1 = \phi(True ? x[0] * y[2] : z)
  ----------------------- {}
  if 0 == 0:
    --------------------- {}
    z_2 = \phi(True ? 3.0 : z_1)
    --------------------- {}
  else:
    --------------------- {}
    z_3 = \phi(True ? 3.0 : z_1)
    --------------------- {}
  ----------------------- {}
  x_1 =\d0 \phi(0 == 0 ? x[d0] : x[d0])
  ----------------------- {}
  y_1 =\d0_1 \phi(0 == 0 ? y[d0_1] : y[d0_1])
  ----------------------- {}
  z_4 = \phi(0 == 0 ? z_2 : z_3)
  ----------------------- {}
  z_5 = \phi(True ? 0.0 : z_4)
  ----------------------- {}