def foo(z : R):
  ----------------------- {}
  z_1 = \phi(True ? 4.2 : z)
  ----------------------- {}
  z_2 = \phi(True ? 1.2 : z_1)
  ----------------------- {}
  z_3 = \phi(True ? 0.2 : z_2)
  ----------------------- {}
  z_4 = \phi(True ? 2.0 : z_3)
  ----------------------- {}
  z_5 = \phi(True ? 0.2 : z_4)
  ----------------------- {}