def foo(z : R, n : size, x : R[3]):
  ----------------------- {}
  z_1 = \phi(True ? 4.2 : z)
  ----------------------- {}
  x_1 =\d0 \phi(d0 == 0 and True ? 2.0 : x[d0])
  ----------------------- {}
  if n < 3:
    --------------------- {}
    x_2 =\d0 \phi(d0 == n and True ? 3.0 : x_1[d0])
    --------------------- {}
  else:
    --------------------- {}
  ----------------------- {}
  z_2 = \phi(n < 3 ? z_1 : z_1)
  ----------------------- {}
  x_3 =\d0 \phi(n < 3 ? x_2[d0] : x_1[d0])
  ----------------------- {}
  pass
  ----------------------- {}[DataflowIR.If(cond=DataflowIR.BinOp(op='<', lhs=DataflowIR.Read(name=n_29, idx=[], type=DataflowIR.Size(), srcinfo=<exo.prelude.SrcInfo object at 0x7f091db1a580>), rhs=DataflowIR.Const(val=3, type=DataflowIR.Int(), srcinfo=<exo.prelude.SrcInfo object at 0x7f091db1aa60>), type=DataflowIR.Bool(), srcinfo=<exo.prelude.SrcInfo object at 0x7f091db1a280>), body=DataflowIR.block(stmts=[DataflowIR.Assign(lhs=x_37, dims=[d0_34], cond=DataflowIR.BinOp(op='and', lhs=DataflowIR.BinOp(op='==', lhs=DataflowIR.Read(name=d0_34, idx=[], type=DataflowIR.Size(), srcinfo=<exo.prelude.SrcInfo object at 0x7f09201f9790>), rhs=DataflowIR.Read(name=n_29, idx=[], type=DataflowIR.Size(), srcinfo=<exo.prelude.SrcInfo object at 0x7f091db1a160>), type=DataflowIR.Bool(), srcinfo=<exo.prelude.SrcInfo object at 0x7f09201f9790>), rhs=DataflowIR.Const(val=True, type=DataflowIR.Bool(), srcinfo=<exo.prelude.SrcInfo object at 0x7f09201f9790>), type=DataflowIR.Bool(), srcinfo=<exo.prelude.SrcInfo object at 0x7f09201f9790>), body=DataflowIR.Const(val=3.0, type=DataflowIR.Num(), srcinfo=<exo.prelude.SrcInfo object at 0x7f091db1a3d0>), orelse=DataflowIR.Read(name=x_36, idx=[DataflowIR.Read(name=d0_34, idx=[], type=DataflowIR.Num(), srcinfo=<exo.prelude.SrcInfo object at 0x7f09201f9790>)], type=DataflowIR.Num(), srcinfo=<exo.prelude.SrcInfo object at 0x7f09201f9790>), srcinfo=<exo.prelude.SrcInfo object at 0x7f091db1a760>)], ctxts=[{}, {}]), orelse=DataflowIR.block(stmts=[], ctxts=[{}]), srcinfo=<exo.prelude.SrcInfo object at 0x7f091db1a730>), DataflowIR.Assign(lhs=z_38, dims=[], cond=DataflowIR.BinOp(op='<', lhs=DataflowIR.Read(name=n_29, idx=[], type=DataflowIR.Size(), srcinfo=<exo.prelude.SrcInfo object at 0x7f091db1a580>), rhs=DataflowIR.Const(val=3, type=DataflowIR.Int(), srcinfo=<exo.prelude.SrcInfo object at 0x7f091db1aa60>), type=DataflowIR.Bool(), srcinfo=<exo.prelude.SrcInfo object at 0x7f091db1a280>), body=DataflowIR.Read(name=z_35, idx=[], type=DataflowIR.Num(), srcinfo=<exo.prelude.SrcInfo object at 0x7f09201f9790>), orelse=DataflowIR.Read(name=z_35, idx=[], type=DataflowIR.Num(), srcinfo=<exo.prelude.SrcInfo object at 0x7f09201f9790>), srcinfo=<exo.prelude.SrcInfo object at 0x7f09201f9790>), DataflowIR.Assign(lhs=x_39, dims=[d0_34], cond=DataflowIR.BinOp(op='<', lhs=DataflowIR.Read(name=n_29, idx=[], type=DataflowIR.Size(), srcinfo=<exo.prelude.SrcInfo object at 0x7f091db1a580>), rhs=DataflowIR.Const(val=3, type=DataflowIR.Int(), srcinfo=<exo.prelude.SrcInfo object at 0x7f091db1aa60>), type=DataflowIR.Bool(), srcinfo=<exo.prelude.SrcInfo object at 0x7f091db1a280>), body=DataflowIR.Read(name=x_37, idx=[DataflowIR.Read(name=d0_34, idx=[], type=DataflowIR.Num(), srcinfo=<exo.prelude.SrcInfo object at 0x7f09201f9790>)], type=DataflowIR.Num(), srcinfo=<exo.prelude.SrcInfo object at 0x7f09201f9790>), orelse=DataflowIR.Read(name=x_36, idx=[DataflowIR.Read(name=d0_34, idx=[], type=DataflowIR.Num(), srcinfo=<exo.prelude.SrcInfo object at 0x7f09201f9790>)], type=DataflowIR.Num(), srcinfo=<exo.prelude.SrcInfo object at 0x7f09201f9790>), srcinfo=<exo.prelude.SrcInfo object at 0x7f09201f9790>)]