def foo(K : size, x : f32, dst : f32):
  ----------------------- {}
  x_1 = \phi(True ? 3.0 : x)
  ----------------------- {}
  for k in seq(0, K):
    --------------------- {}
    x_2 =\k \phi(k == 0 ? x_1 : x_3[k - 1])
    --------------------- {}
    dst_1 =\k \d0 \phi(k == 0 ? dst[d0] : dst_1[k - 1, d0])
    --------------------- {}
    x_3 +=\k \phi(True ? dst_1[k, k] : x_2[k])
    --------------------- {}
  ----------------------- {}
  x_4 = \phi(k > 0 ? x_3[K - 1] : x_1)
  ----------------------- {}
  dst_2 =\d0 \phi(k > 0 ? dst_1[K - 1, d0] : dst[d0])
  ----------------------- {}
  x_5 = \phi(True ? x_4 + 1.0 : x_4)
  ----------------------- {}