def foo(n : index, x : f32):
  ----------------------- {n : n, x : x, CFG_a : CFG_a}
  CFG_a = 3 > 2
  ----------------------- {CFG_a : True, n : n, x : x}
  CFG_a = 3 < 2
  ----------------------- {CFG_a : False, n : n, x : x}
  CFG_a = 3 >= 2
  ----------------------- {CFG_a : True, n : n, x : x}
  CFG_a = 3 <= 2
  ----------------------- {CFG_a : False, n : n, x : x}
  CFG_a = 3 == 2
  ----------------------- {CFG_a : False, n : n, x : x}
  CFG_a = 3 == 3
  ----------------------- {CFG_a : True, n : n, x : x}
  CFG_a = 3 == 3 or 2 == 1
  ----------------------- {CFG_a : True, n : n, x : x}
  CFG_a = 3 == 3 and 2 == 1
  ----------------------- {CFG_a : False, n : n, x : x}