def foo(n : size, src : i8):
  ----------------------- {}
  for i in seq(0, 10):
    --------------------- {}
    src_1 =\i \d0 \phi(i == 0 ? src[d0] : src_1[i - 1, d0])
    --------------------- {}
    A : i8
    --------------------- {}
    A_1 = \phi(True ? 0.3 : A)
    --------------------- {}
  ----------------------- {}
  src_2 =\d0 \phi(i > 0 ? src_1[10 - 1, d0] : src[d0])
  ----------------------- {}