def foo():
  ----------------------- {}
  a : i8[11]
  ----------------------- {}
  for i in seq(0, 10):
    --------------------- {}
    a_1 =\i \d0 \phi(i == 0 ? a[d0] : a_2[i - 1, d0])
    --------------------- {}
    a_3 =\i \d0 \phi(d0 == i and True ? 1.0 : a_1[i, d0])
    --------------------- {}
    a_2 +=\i \d0 \phi(d0 == i + 1 and True ? 1.0 : a_3[i, d0])
    --------------------- {}
  ----------------------- {}
  a_4 =\d0 \phi(i > 0 ? a_2[10 - 1, d0] : a[d0])
  ----------------------- {}