def foo(x : R[3], y : R[3], z : R[3]):
  ----------------------- {}
  z[0] = x[0] * y[2]
  ----------------------- {}
  for i in seq(0, 3):
    --------------------- {i : i}
    z[i] = 3.0
    --------------------- {i : i}
  ----------------------- {}
  z[2] = 2.0
  ----------------------- {}