def foo(x : R[3], y : R[3], z : R):
  ----------------------- {z : z}
  z = 3.0
  ----------------------- {z : Const3}
  for i in seq(0, 3):
    --------------------- {z : Const3, i : i}
    z = 3.0
    --------------------- {z : Const3, i : i}
  ----------------------- {z : Const3}
  z = 2.0
  ----------------------- {z : Const2_0}