def foo(x : R[3], y : R[3], z : R):
  ----------------------- {}
  z_1 = \phi(True ? x[0] * y[2] : z)
  ----------------------- {}
  z_2 = \phi(True ? 4.2 : z_1)
  ----------------------- {}
  z_3 = \phi(True ? 2.0 : z_2)
  ----------------------- {}