def foo(x : R[3], y : R[3], z : R):
  ----------------------- {z : z}
  z = x[0] * y[2]
  ----------------------- {z : ⊤}
  if 0 == 0:
    --------------------- {z : ⊤}
    z = 3.0
    --------------------- {z : Const3}
  else:
    --------------------- {z : ⊤}
    z = 4.0
    --------------------- {z : Const4_0}
  ----------------------- {z : Const3 ∧ Const4_0}
  z = 0.0
  ----------------------- {z : Const0}