def foo(z : f32[10]):
  ----------------------- {}
  z_1 =\d0 \phi(d0 == 0 and True ? 4.2 : z[d0])
  ----------------------- {}
  z_2 =\d0 \phi(d0 == 0 + 1 and True ? 1.2 : z_1[d0])
  ----------------------- {}
  z_3 =\d0 \phi(d0 == 0 + (2 + 1) and True ? 0.2 : z_2[d0])
  ----------------------- {}
  z_4 =\d0 \phi(d0 == 2 and True ? 2.0 : z_3[d0])
  ----------------------- {}
  z_5 =\d0 \phi(d0 == 0 + 8 and True ? 0.2 : z_4[d0])
  ----------------------- {}