def foo(x : f32):
  ----------------------- {x : x, CFG_a : CFG_a}
  CFG_a = sin(3.0)
  ----------------------- {CFG_a : ⊤, x : x}
  CFG_a = -CFG_a
  ----------------------- {CFG_a : ⊤, x : x}
  x = CFG_a
  ----------------------- {x : ⊤, CFG_a : ⊤}