def foo(n : size, x : f32[n]):
  assert n > 10
  ----------------------- {}
  tmp : f32[11]
  ----------------------- {}
  tmp_1 =\d0 \phi(d0 == 10 and True ? 3.0 : tmp[d0])
  ----------------------- {}
  for i in seq(0, 8):
    --------------------- {}
    x_1 =\i \d0_1 \phi(i == 0 ? x[d0_1] : x_1[i - 1, d0_1])
    --------------------- {}
    tmp_2 =\i \d0 \phi(i == 0 ? tmp_1[d0] : tmp_3[i - 1, d0])
    --------------------- {}
    tmp_3 +=\i \d0 \phi(d0 == i + 0 and True ? 2.0 : tmp_2[i, d0])
    --------------------- {}
  ----------------------- {}
  x_2 =\d0_1 \phi(8 > 0 ? x_1[8 - 1, d0_1] : x[d0_1])
  ----------------------- {}
  tmp_4 =\d0 \phi(8 > 0 ? tmp_3[8 - 1, d0] : tmp_1[d0])
  ----------------------- {}
  for i_1 in seq(0, n):
    --------------------- {}
    x_3 =\i_1 \d0_1 \phi(i_1 == 0 ? x_2[d0_1] : x_4[i_1 - 1, d0_1])
    --------------------- {}
    tmp_5 =\i_1 \d0 \phi(i_1 == 0 ? tmp_4[d0] : tmp_6[i_1 - 1, d0])
    --------------------- {}
    if i_1 < 11:
      ------------------- {}
      x_5 =\i_1 \d0_1 \phi(d0_1 == i_1 and True ? tmp_5[i_1, i_1] : x_3[i_1, d0_1])
      ------------------- {}
    else:
      ------------------- {}
    --------------------- {}
    x_6 =\i_1 \d0_1 \phi(i_1 < 11 ? x_5[i_1, d0_1] : x_3[i_1, d0_1])
    --------------------- {}
    tmp_6 =\i_1 \d0 \phi(i_1 < 11 ? tmp_5[i_1, d0] : tmp_5[i_1, d0])
    --------------------- {}
    x_4 +=\i_1 \d0_1 \phi(d0_1 == i_1 and True ? 1.0 : x_6[i_1, d0_1])
    --------------------- {}
  ----------------------- {}
  x_7 =\d0_1 \phi(n > 0 ? x_4[n - 1, d0_1] : x_2[d0_1])
  ----------------------- {}
  tmp_7 =\d0 \phi(n > 0 ? tmp_6[n - 1, d0] : tmp_4[d0])
  ----------------------- {}