def foo(n : index, x : f32):
  ----------------------- {}
  CFG_a = \phi(True ? sin(x) : sin(x))
  ----------------------- {}
  CFG_a_1 = \phi(True ? sin(3.0) : sin(3.0))
  ----------------------- {}
  CFG_a_2 = \phi(True ? -sin(4.0) : -sin(4.0))
  ----------------------- {}
  CFG_a_3 = \phi(True ? 3.0 * 2.0 : 3.0 * 2.0)
  ----------------------- {}
  CFG_a_4 = \phi(True ? 3.0 - 2.0 : 3.0 - 2.0)
  ----------------------- {}
  CFG_a_5 = \phi(True ? 3.0 / 2.0 : 3.0 / 2.0)
  ----------------------- {}
  CFG_a_6 = \phi(True ? 3.0 : 3.0)
  ----------------------- {}