def foo(z : R, x : R):
  ----------------------- {}
  z_1 = \phi(True ? 4.2 : z)
  ----------------------- {}
  z_2 = \phi(True ? 2.0 : z_1)
  ----------------------- {}[DataflowIR.Assign(lhs=z_26, dims=[], cond=DataflowIR.Const(val=True, type=DataflowIR.Bool(), srcinfo=<exo.prelude.SrcInfo object at 0x7fa8a3cb96a0>), body=DataflowIR.Const(val=4.2, type=DataflowIR.Num(), srcinfo=<exo.prelude.SrcInfo object at 0x7fa8a15f1700>), orelse=DataflowIR.Read(name=z_23, idx=[], type=DataflowIR.Num(), srcinfo=<exo.prelude.SrcInfo object at 0x7fa8a3cb96a0>), srcinfo=<exo.prelude.SrcInfo object at 0x7fa8a1456160>)][DataflowIR.Assign(lhs=z_27, dims=[], cond=DataflowIR.Const(val=True, type=DataflowIR.Bool(), srcinfo=<exo.prelude.SrcInfo object at 0x7fa8a3cb96a0>), body=DataflowIR.Const(val=2.0, type=DataflowIR.Num(), srcinfo=<exo.prelude.SrcInfo object at 0x7fa8a15f1130>), orelse=DataflowIR.Read(name=z_26, idx=[], type=DataflowIR.Num(), srcinfo=<exo.prelude.SrcInfo object at 0x7fa8a3cb96a0>), srcinfo=<exo.prelude.SrcInfo object at 0x7fa8a15f1190>)]