def foo(n : size, a : f32, c : f32):
  ----------------------- {n : n, a : a, c : c}
  tmp : f32[n]
  ----------------------- {n : n, a : a, c : c}
  for i in seq(0, n):
    --------------------- {n : n, a : a, c : c, i : i}
    for j in seq(0, 4):
      ------------------- {n : n, a : a, c : c, i : i, j : j}
      tmp[i] = a
      ------------------- {n : n, a : a, c : c, i : i, j : j}
      a = tmp[i] + 1.0
      ------------------- {a : ⊥, n : n, c : c, i : i, j : j}
    --------------------- {n : n, a : a, c : c, i : i}
  ----------------------- {n : n, a : a, c : c}
  for i in seq(0, n):
    --------------------- {n : n, a : a, c : c, i : i}
    c += tmp[i]
    --------------------- {c : ⊥, n : n, a : a, i : i}
  ----------------------- {n : n, a : a, c : c}