def foo(z : R, x : R[3]):
  ----------------------- {z : z}
  z = 4.2
  ----------------------- {z : Const4_2}
  x[0] = 2.0
  ----------------------- {z : Const4_2}
  x[1] = 3.0
  ----------------------- {z : Const4_2}
  x[2] = 5.0
  ----------------------- {z : Const4_2}
  x[0] = 12.0
  ----------------------- {z : Const4_2}