def foo(x : f32, y : f32):
  ----------------------- {x : x, y : y, ConfigAB_a : ConfigAB_a, ConfigAB_b : ConfigAB_b}
  ConfigAB_a = 1.0
  ----------------------- {ConfigAB_a : 1.0, x : x, y : y, ConfigAB_b : ConfigAB_b}
  ConfigAB_b = 3.0
  ----------------------- {ConfigAB_b : 3.0, ConfigAB_a : 1.0, x : x, y : y}
  x = ConfigAB_a
  ----------------------- {x : 1.0, ConfigAB_b : 3.0, ConfigAB_a : 1.0, y : y}
  ConfigAB_b = ConfigAB_a
  ----------------------- {ConfigAB_b : 1.0, x : 1.0, ConfigAB_a : 1.0, y : y}