def baz(n: size, m: size):
    for i in seq(0, n):
        for j in seq(0, m):  # <-- NODE
            x: f32 @ DRAM
            x = 0.0
            for k in seq(0, 8):
                y: f32 @ DRAM
                y = 1.1
            for k in seq(0, n):
                pass
                pass

def baz(n: size, m: size):
    for i in seq(0, n):
        for j in seq(0, m):
            x: f32 @ DRAM
            x = 0.0
            for k in seq(0, 8):
                y: f32 @ DRAM
                y = 1.1
            for k in seq(0, n):
                # BLOCK START
                pass
                pass
                # BLOCK END

def baz(n: size, m: size):
    for i in seq(0, n):
        for j in seq(0, m):
            # BLOCK START
            x: f32 @ DRAM
            x = 0.0
            # BLOCK END

def baz(n: size, m: size):
    for i in seq(0, n):
        for j in seq(0, m):
            # BLOCK START
            for k in seq(0, n):
                pass
                pass
            # BLOCK END

def baz(n: size, m: size):
    for i in seq(0, n):
        for j in seq(0, m):
            # BLOCK START
            x: f32 @ DRAM
            x = 0.0
            for k in seq(0, 8):
                y: f32 @ DRAM
                y = 1.1
            for k in seq(0, n):
                pass
                pass
            # BLOCK END

def baz(n: size, m: size):
    for i in seq(0, n):
        for j in seq(0, m):
            x: f32 @ DRAM
            x = 0.0
            for k in seq(0, 8):
                # BLOCK START
                y: f32 @ DRAM
                y = 1.1
                # BLOCK END
            for k in seq(0, n):
                pass
                pass