def foo(x: f32 @ DRAM):
    CFG.a = sin(3.0)
    x = CFG.a