def foo():
    producer: i8[11, 11] @ DRAM
    consumer: i8[10, 10] @ DRAM
    for y in seq(0, 1):
        for x in seq(0, 11):
            producer[y, x] = 1.0
    for y in seq(0, 10):
        for x in seq(0, 1):
            producer[1 + y, x] = 1.0
        for x in seq(0, 10):
            producer[1 + y, 1 + x] = 1.0
            consumer[y, x] = producer[y, x] + producer[y, 1 + x] + producer[
                1 + y, x] + producer[1 + y, 1 + x]